Compiling lib\main.dart for the Web...                          
Compiling lib\main.dart for the Web...                             38,0s
